node=session-scope-a type=EXECVE msg=audit(1792100001.000:4002): argc=1 a0="/usr/bin/telemetry-probe"
node=session-scope-a type=USER_START msg=audit(1792100010.000:4010): pid=9210 uid=0 auid=1702 ses=702 msg='op=PAM:session_open acct="scope-account-b" exe="/usr/sbin/synthetic-session" hostname=? addr=? terminal=ttyS1 res=success'
node=session-scope-b type=SYSCALL msg=audit(1792100001.000:4002): arch=c000003e syscall=59 success=yes exit=0 items=0 ppid=9200 pid=9202 auid=1701 uid=1701 gid=1701 euid=1701 suid=1701 fsuid=1701 egid=1701 sgid=1701 fsgid=1701 tty=ttyS0 ses=701 comm="telemetry-probe" exe="/usr/bin/telemetry-probe" key="session-process-scope"
node=session-scope-a type=USER_START msg=audit(1792100000.000:4001): pid=9200 uid=0 auid=1701 ses=701 msg='op=PAM:session_open acct="scope-account-a" exe="/usr/sbin/synthetic-session" hostname=? addr=? terminal=ttyS0 res=success'
node=session-scope-a type=SYSCALL msg=audit(1792100011.000:4011): arch=c000003e syscall=59 success=yes exit=0 items=0 ppid=9210 pid=9211 auid=1702 uid=1702 gid=1702 euid=1702 suid=1702 fsuid=1702 egid=1702 sgid=1702 fsgid=1702 tty=ttyS1 ses=703 comm="telemetry-probe" exe="/usr/bin/telemetry-probe" key="session-process-scope"
node=session-scope-a type=EXECVE msg=audit(1792100011.000:4011): argc=1 a0="/usr/bin/telemetry-probe"
node=session-scope-a type=USER_END msg=audit(1792100002.000:4003): pid=9200 uid=0 auid=1701 ses=701 msg='op=PAM:session_close acct="scope-account-a" exe="/usr/sbin/synthetic-session" hostname=? addr=? terminal=ttyS0 res=success'
node=session-scope-a type=USER_END msg=audit(1792100012.000:4012): pid=9210 uid=0 auid=1702 ses=702 msg='op=PAM:session_close acct="scope-account-b" exe="/usr/sbin/synthetic-session" hostname=? addr=? terminal=ttyS1 res=success'
node=session-scope-a type=USER_START msg=audit(1792100020.000:4020): pid=9220 uid=0 auid=1703 ses=704 msg='op=PAM:session_open acct="scope-account-c" exe="/usr/sbin/synthetic-session" hostname=? addr=? terminal=ttyS2 res=success'
node=session-scope-a type=EXECVE msg=audit(1792100021.000:4021): argc=1 a0="/usr/bin/telemetry-probe"
node=session-scope-a type=SYSCALL msg=audit(1792100021.000:4021): arch=c000003e syscall=59 success=yes exit=0 items=0 ppid=9220 pid=9221 auid=1704 uid=1704 gid=1704 euid=1704 suid=1704 fsuid=1704 egid=1704 sgid=1704 fsgid=1704 tty=ttyS2 ses=704 comm="telemetry-probe" exe="/usr/bin/telemetry-probe" key="session-process-scope"
node=session-scope-a type=USER_END msg=audit(1792100022.000:4022): pid=9220 uid=0 auid=1703 ses=704 msg='op=PAM:session_close acct="scope-account-c" exe="/usr/sbin/synthetic-session" hostname=? addr=? terminal=ttyS2 res=success'
node=session-reuse-a type=USER_START msg=audit(1792100030.000:4030): pid=9230 uid=0 auid=1705 ses=705 msg='op=PAM:session_open acct="scope-account-d" exe="/usr/sbin/synthetic-session" hostname=? addr=? terminal=ttyS3 res=success'
node=session-reuse-b type=EXECVE msg=audit(1792100031.000:4041): argc=1 a0="/usr/bin/telemetry-probe"
node=session-reuse-a type=EXECVE msg=audit(1792100031.000:4031): argc=1 a0="/usr/bin/telemetry-probe"
node=session-reuse-b type=USER_END msg=audit(1792100032.000:4042): pid=9240 uid=0 auid=1705 ses=705 msg='op=PAM:session_close acct="scope-account-d" exe="/usr/sbin/synthetic-session" hostname=? addr=? terminal=ttyS4 res=success'
node=session-reuse-b type=USER_START msg=audit(1792100030.000:4040): pid=9240 uid=0 auid=1705 ses=705 msg='op=PAM:session_open acct="scope-account-d" exe="/usr/sbin/synthetic-session" hostname=? addr=? terminal=ttyS4 res=success'
node=session-reuse-a type=SYSCALL msg=audit(1792100031.000:4031): arch=c000003e syscall=59 success=yes exit=0 items=0 ppid=9230 pid=9231 auid=1705 uid=1705 gid=1705 euid=1705 suid=1705 fsuid=1705 egid=1705 sgid=1705 fsgid=1705 tty=ttyS3 ses=705 comm="telemetry-probe" exe="/usr/bin/telemetry-probe" key="session-process-scope"
node=session-reuse-b type=SYSCALL msg=audit(1792100031.000:4041): arch=c000003e syscall=59 success=yes exit=0 items=0 ppid=9240 pid=9241 auid=1705 uid=1705 gid=1705 euid=1705 suid=1705 fsuid=1705 egid=1705 sgid=1705 fsgid=1705 tty=ttyS4 ses=705 comm="telemetry-probe" exe="/usr/bin/telemetry-probe" key="session-process-scope"
node=session-reuse-a type=USER_END msg=audit(1792100032.000:4032): pid=9230 uid=0 auid=1705 ses=705 msg='op=PAM:session_close acct="scope-account-d" exe="/usr/sbin/synthetic-session" hostname=? addr=? terminal=ttyS3 res=success'
