node=session-process-contract type=USER_START msg=audit(1792000000.000:3001): pid=9001 uid=0 auid=1601 ses=601 msg='op=PAM:session_open acct="fixture-account-a" exe="/usr/sbin/synthetic-session" hostname=? addr=? terminal=ttyS0 res=success'
node=session-process-contract type=EXECVE msg=audit(1792000001.000:3002): argc=2 a0="/usr/bin/telemetry-probe" a1="SYNTHETIC_SESSION_PROCESS_SECRET_DO_NOT_EXPOSE"
node=session-process-contract type=SYSCALL msg=audit(1792000001.000:3002): arch=c000003e syscall=59 success=yes exit=0 items=0 ppid=9001 pid=9002 auid=1601 uid=1601 gid=1601 euid=1601 suid=1601 fsuid=1601 egid=1601 sgid=1601 fsgid=1601 tty=ttyS0 ses=601 comm="synthetic-helper" exe="/usr/bin/telemetry-probe" key="session-process-contract"
node=session-process-contract type=USER_END msg=audit(1792000002.000:3003): pid=9001 uid=0 auid=1601 ses=601 msg='op=PAM:session_close acct="fixture-account-a" exe="/usr/sbin/synthetic-session" hostname=? addr=? terminal=ttyS0 res=success'
node=session-process-contract type=USER_START msg=audit(1792000010.000:3010): pid=9010 uid=0 auid=1602 ses=602 msg='op=PAM:session_open acct="fixture-account-b" exe="/usr/sbin/synthetic-session" hostname=? addr=? terminal=ttyS1 res=success'
node=session-process-contract type=EXECVE msg=audit(1792000010.000:3011): argc=1 a0="/usr/bin/telemetry-probe"
node=session-process-contract type=SYSCALL msg=audit(1792000010.000:3011): arch=c000003e syscall=59 success=yes exit=0 items=0 ppid=9010 pid=9011 auid=1602 uid=1602 gid=1602 euid=1602 suid=1602 fsuid=1602 egid=1602 sgid=1602 fsgid=1602 tty=ttyS1 ses=602 comm="telemetry-probe" exe="/usr/bin/telemetry-probe" key="session-process-contract"
node=session-process-contract type=SYSCALL msg=audit(1792000011.000:3012): arch=c000003e syscall=59 success=no exit=-13 items=0 ppid=9010 pid=9012 auid=1602 uid=1602 gid=1602 euid=1602 suid=1602 fsuid=1602 egid=1602 sgid=1602 fsgid=1602 tty=ttyS1 ses=602 comm="audit-observation" exe="/usr/bin/audit-observation" key="session-process-contract"
node=session-process-contract type=EXECVE msg=audit(1792000011.000:3012): argc=1 a0="/usr/bin/audit-observation"
node=session-process-contract type=EXECVE msg=audit(1792000011.000:3013): argc=1 a0="/usr/bin/fixture-runner"
node=session-process-contract type=SYSCALL msg=audit(1792000011.000:3013): arch=c000003e syscall=59 success=unknown exit=0 items=0 ppid=9010 pid=9013 auid=1602 uid=1602 gid=1602 euid=1602 suid=1602 fsuid=1602 egid=1602 sgid=1602 fsgid=1602 tty=ttyS1 ses=602 comm="fixture-runner" exe="/usr/bin/fixture-runner" key="session-process-contract"
node=session-process-contract type=EXECVE msg=audit(1792000012.000:3014): argc=1 a0="/usr/bin/synthetic-helper"
node=session-process-contract type=SYSCALL msg=audit(1792000012.000:3014): arch=c000003e syscall=59 success=yes exit=0 items=0 ppid=9010 pid=9014 auid=1602 uid=1602 gid=1602 euid=1602 suid=1602 fsuid=1602 egid=1602 sgid=1602 fsgid=1602 tty=ttyS1 ses=602 comm="synthetic-helper" exe="/usr/bin/synthetic-helper" key="session-process-contract"
node=session-process-contract type=USER_END msg=audit(1792000012.000:3015): pid=9010 uid=0 auid=1602 ses=602 msg='op=PAM:session_close acct="fixture-account-b" exe="/usr/sbin/synthetic-session" hostname=? addr=? terminal=ttyS1 res=success'
node=session-process-contract type=EXECVE msg=audit(1792000020.000:3020): argc=1 a0="/usr/bin/telemetry-probe"
node=session-process-contract type=SYSCALL msg=audit(1792000020.000:3020): arch=c000003e syscall=59 success=yes exit=0 items=0 ppid=9020 pid=9021 auid=1603 uid=1603 gid=1603 euid=1603 suid=1603 fsuid=1603 egid=1603 sgid=1603 fsgid=1603 tty=ttyS2 ses=603 comm="telemetry-probe" exe="/usr/bin/telemetry-probe" key="session-process-contract"
node=session-process-contract type=USER_END msg=audit(1792000021.000:3021): pid=9020 uid=0 auid=1603 ses=603 msg='op=PAM:session_close acct="fixture-account-c" exe="/usr/sbin/synthetic-session" hostname=? addr=? terminal=ttyS2 res=success'
node=session-process-contract type=USER_START msg=audit(1792000030.000:3030): pid=9030 uid=0 auid=1604 ses=604 msg='op=PAM:session_open acct="fixture-account-d" exe="/usr/sbin/synthetic-session" hostname=? addr=? terminal=ttyS3 res=success'
node=session-process-contract type=EXECVE msg=audit(1792000031.000:3031): argc=1 a0="/usr/bin/telemetry-probe"
node=session-process-contract type=SYSCALL msg=audit(1792000031.000:3031): arch=c000003e syscall=59 success=yes exit=0 items=0 ppid=9030 pid=9031 auid=1604 uid=1604 gid=1604 euid=1604 suid=1604 fsuid=1604 egid=1604 sgid=1604 fsgid=1604 tty=ttyS3 ses=604 comm="telemetry-probe" exe="/usr/bin/telemetry-probe" key="session-process-contract"
node=session-process-contract type=USER_START msg=audit(1792000040.000:3040): pid=9040 uid=0 auid=1605 ses=605 msg='op=PAM:session_open acct="fixture-account-e" exe="/usr/sbin/synthetic-session" hostname=? addr=? terminal=ttyS4 res=success'
node=session-process-contract type=USER_START msg=audit(1792000040.500:3041): pid=9040 uid=0 auid=1605 ses=605 msg='op=PAM:session_open acct="fixture-account-e" exe="/usr/sbin/synthetic-session" hostname=? addr=? terminal=ttyS4 res=success'
node=session-process-contract type=EXECVE msg=audit(1792000041.000:3042): argc=1 a0="/usr/bin/telemetry-probe"
node=session-process-contract type=SYSCALL msg=audit(1792000041.000:3042): arch=c000003e syscall=59 success=yes exit=0 items=0 ppid=9040 pid=9042 auid=1605 uid=1605 gid=1605 euid=1605 suid=1605 fsuid=1605 egid=1605 sgid=1605 fsgid=1605 tty=ttyS4 ses=605 comm="telemetry-probe" exe="/usr/bin/telemetry-probe" key="session-process-contract"
node=session-process-contract type=USER_END msg=audit(1792000042.000:3043): pid=9040 uid=0 auid=1605 ses=605 msg='op=PAM:session_close acct="fixture-account-e" exe="/usr/sbin/synthetic-session" hostname=? addr=? terminal=ttyS4 res=success'
node=session-process-contract type=USER_START msg=audit(1792000050.000:3050): pid=9050 uid=0 auid=1606 ses=606 msg='op=PAM:session_open acct="fixture-account-f" exe="/usr/sbin/synthetic-session" hostname=? addr=? terminal=ttyS5 res=success'
node=session-process-contract type=EXECVE msg=audit(1792000051.000:3051): argc=1 a0="/usr/bin/telemetry-probe"
node=session-process-contract type=SYSCALL msg=audit(1792000051.000:3051): arch=c000003e syscall=59 success=yes exit=0 items=0 ppid=9050 pid=9051 auid=1606 uid=1606 gid=1606 euid=1606 suid=1606 fsuid=1606 egid=1606 sgid=1606 fsgid=1606 tty=ttyS5 ses=606 comm="telemetry-probe" exe="/usr/bin/telemetry-probe" key="session-process-contract"
node=session-process-contract type=USER_END msg=audit(1792000052.000:3052): pid=9050 uid=0 auid=1606 ses=606 msg='op=PAM:session_close acct="fixture-account-f" exe="/usr/sbin/synthetic-session" hostname=? addr=? terminal=ttyS5 res=success'
node=session-process-contract type=USER_END msg=audit(1792000052.500:3053): pid=9050 uid=0 auid=1606 ses=606 msg='op=PAM:session_close acct="fixture-account-f" exe="/usr/sbin/synthetic-session" hostname=? addr=? terminal=ttyS5 res=success'
node=session-process-contract type=USER_END msg=audit(1792000060.000:3062): pid=9060 uid=0 auid=1607 ses=607 msg='op=PAM:session_close acct="fixture-account-g" exe="/usr/sbin/synthetic-session" hostname=? addr=? terminal=ttyS6 res=success'
node=session-process-contract type=EXECVE msg=audit(1792000060.000:3061): argc=1 a0="/usr/bin/telemetry-probe"
node=session-process-contract type=SYSCALL msg=audit(1792000060.000:3061): arch=c000003e syscall=59 success=yes exit=0 items=0 ppid=9060 pid=9061 auid=1607 uid=1607 gid=1607 euid=1607 suid=1607 fsuid=1607 egid=1607 sgid=1607 fsgid=1607 tty=ttyS6 ses=607 comm="telemetry-probe" exe="/usr/bin/telemetry-probe" key="session-process-contract"
node=session-process-contract type=USER_START msg=audit(1792000060.000:3060): pid=9060 uid=0 auid=1607 ses=607 msg='op=PAM:session_open acct="fixture-account-g" exe="/usr/sbin/synthetic-session" hostname=? addr=? terminal=ttyS6 res=success'
node=session-process-contract type=USER_START msg=audit(1792000071.000:3070): pid=9070 uid=0 auid=1608 ses=608 msg='op=PAM:session_open acct="fixture-account-h" exe="/usr/sbin/synthetic-session" hostname=? addr=? terminal=ttyS7 res=success'
node=session-process-contract type=EXECVE msg=audit(1792000070.500:3071): argc=1 a0="/usr/bin/telemetry-probe"
node=session-process-contract type=SYSCALL msg=audit(1792000070.500:3071): arch=c000003e syscall=59 success=yes exit=0 items=0 ppid=9070 pid=9071 auid=1608 uid=1608 gid=1608 euid=1608 suid=1608 fsuid=1608 egid=1608 sgid=1608 fsgid=1608 tty=ttyS7 ses=608 comm="telemetry-probe" exe="/usr/bin/telemetry-probe" key="session-process-contract"
node=session-process-contract type=USER_END msg=audit(1792000070.000:3072): pid=9070 uid=0 auid=1608 ses=608 msg='op=PAM:session_close acct="fixture-account-h" exe="/usr/sbin/synthetic-session" hostname=? addr=? terminal=ttyS7 res=success'
node=session-process-contract type=EXECVE msg=audit(1792000079.000:3081): argc=1 a0="/usr/bin/telemetry-probe"
node=session-process-contract type=SYSCALL msg=audit(1792000079.000:3081): arch=c000003e syscall=59 success=yes exit=0 items=0 ppid=9080 pid=9081 auid=1609 uid=1609 gid=1609 euid=1609 suid=1609 fsuid=1609 egid=1609 sgid=1609 fsgid=1609 tty=ttyS8 ses=609 comm="telemetry-probe" exe="/usr/bin/telemetry-probe" key="session-process-contract"
node=session-process-contract type=USER_START msg=audit(1792000080.000:3080): pid=9080 uid=0 auid=1609 ses=609 msg='op=PAM:session_open acct="fixture-account-i" exe="/usr/sbin/synthetic-session" hostname=? addr=? terminal=ttyS8 res=success'
node=session-process-contract type=USER_END msg=audit(1792000082.000:3082): pid=9080 uid=0 auid=1609 ses=609 msg='op=PAM:session_close acct="fixture-account-i" exe="/usr/sbin/synthetic-session" hostname=? addr=? terminal=ttyS8 res=success'
node=session-process-contract type=USER_START msg=audit(1792000090.000:3090): pid=9090 uid=0 auid=1610 ses=610 msg='op=PAM:session_open acct="fixture-account-j" exe="/usr/sbin/synthetic-session" hostname=? addr=? terminal=ttyS9 res=success'
node=session-process-contract type=USER_END msg=audit(1792000092.000:3092): pid=9090 uid=0 auid=1610 ses=610 msg='op=PAM:session_close acct="fixture-account-j" exe="/usr/sbin/synthetic-session" hostname=? addr=? terminal=ttyS9 res=success'
node=session-process-contract type=EXECVE msg=audit(1792000093.000:3093): argc=1 a0="/usr/bin/telemetry-probe"
node=session-process-contract type=SYSCALL msg=audit(1792000093.000:3093): arch=c000003e syscall=59 success=yes exit=0 items=0 ppid=9090 pid=9093 auid=1610 uid=1610 gid=1610 euid=1610 suid=1610 fsuid=1610 egid=1610 sgid=1610 fsgid=1610 tty=ttyS9 ses=610 comm="telemetry-probe" exe="/usr/bin/telemetry-probe" key="session-process-contract"
node=session-process-contract type=USER_START msg=audit(1792000100.000:3100): pid=9100 uid=0 auid=1611 ses=611 msg='op=PAM:session_open acct="fixture-account-k" exe="/usr/sbin/synthetic-session" hostname=? addr=? terminal=ttyS10 res=success'
node=session-process-contract type=USER_END msg=audit(1792000102.000:3102): pid=9100 uid=0 auid=1611 ses=611 msg='op=PAM:session_close acct="fixture-account-k" exe="/usr/sbin/synthetic-session" hostname=? addr=? terminal=ttyS10 res=success'
node=session-process-contract type=USER_START msg=audit(1792000110.000:3110): pid=9110 uid=0 auid=1612 msg='op=PAM:session_open acct="fixture-account-l" exe="/usr/sbin/synthetic-session" hostname=? addr=? terminal=ttyS11 res=success'
node=session-process-contract type=EXECVE msg=audit(1792000111.000:3111): argc=1 a0="/usr/bin/telemetry-probe"
node=session-process-contract type=SYSCALL msg=audit(1792000111.000:3111): arch=c000003e syscall=59 success=yes exit=0 items=0 ppid=9110 pid=9111 auid=1612 uid=1612 gid=1612 euid=1612 suid=1612 fsuid=1612 egid=1612 sgid=1612 fsgid=1612 tty=ttyS11 comm="telemetry-probe" exe="/usr/bin/telemetry-probe" key="session-process-contract"
node=session-process-contract type=USER_END msg=audit(1792000112.000:3112): pid=9110 uid=0 auid=1612 msg='op=PAM:session_close acct="fixture-account-l" exe="/usr/sbin/synthetic-session" hostname=? addr=? terminal=ttyS11 res=success'
node=session-process-contract type=USER_START msg=audit(1792000120.000:3120): pid=9120 uid=0 auid=1613 ses=4294967295 msg='op=PAM:session_open acct="fixture-account-m" exe="/usr/sbin/synthetic-session" hostname=? addr=? terminal=ttyS12 res=success'
node=session-process-contract type=EXECVE msg=audit(1792000121.000:3121): argc=1 a0="/usr/bin/telemetry-probe"
node=session-process-contract type=SYSCALL msg=audit(1792000121.000:3121): arch=c000003e syscall=59 success=yes exit=0 items=0 ppid=9120 pid=9121 auid=1613 uid=1613 gid=1613 euid=1613 suid=1613 fsuid=1613 egid=1613 sgid=1613 fsgid=1613 tty=ttyS12 ses=4294967295 comm="telemetry-probe" exe="/usr/bin/telemetry-probe" key="session-process-contract"
node=session-process-contract type=USER_END msg=audit(1792000122.000:3122): pid=9120 uid=0 auid=1613 ses=4294967295 msg='op=PAM:session_close acct="fixture-account-m" exe="/usr/sbin/synthetic-session" hostname=? addr=? terminal=ttyS12 res=success'
node=session-process-contract type=USER_START msg=audit(1792000130.000:3130): pid=9130 uid=0 ses=613 msg='op=PAM:session_open acct="fixture-account-n" exe="/usr/sbin/synthetic-session" hostname=? addr=? terminal=ttyS13 res=success'
node=session-process-contract type=EXECVE msg=audit(1792000131.000:3131): argc=1 a0="/usr/bin/telemetry-probe"
node=session-process-contract type=SYSCALL msg=audit(1792000131.000:3131): arch=c000003e syscall=59 success=yes exit=0 items=0 ppid=9130 pid=9131 uid=1614 gid=1614 euid=1614 suid=1614 fsuid=1614 egid=1614 sgid=1614 fsgid=1614 tty=ttyS13 ses=613 comm="telemetry-probe" exe="/usr/bin/telemetry-probe" key="session-process-contract"
node=session-process-contract type=USER_END msg=audit(1792000132.000:3132): pid=9130 uid=0 ses=613 msg='op=PAM:session_close acct="fixture-account-n" exe="/usr/sbin/synthetic-session" hostname=? addr=? terminal=ttyS13 res=success'
node=session-process-contract type=USER_START msg=audit(1792000140.000:3140): pid=9140 uid=0 auid=4294967295 ses=614 msg='op=PAM:session_open acct="fixture-account-o" exe="/usr/sbin/synthetic-session" hostname=? addr=? terminal=ttyS14 res=success'
node=session-process-contract type=EXECVE msg=audit(1792000141.000:3141): argc=1 a0="/usr/bin/telemetry-probe"
node=session-process-contract type=SYSCALL msg=audit(1792000141.000:3141): arch=c000003e syscall=59 success=yes exit=0 items=0 ppid=9140 pid=9141 auid=4294967295 uid=1615 gid=1615 euid=1615 suid=1615 fsuid=1615 egid=1615 sgid=1615 fsgid=1615 tty=ttyS14 ses=614 comm="telemetry-probe" exe="/usr/bin/telemetry-probe" key="session-process-contract"
node=session-process-contract type=USER_END msg=audit(1792000142.000:3142): pid=9140 uid=0 auid=4294967295 ses=614 msg='op=PAM:session_close acct="fixture-account-o" exe="/usr/sbin/synthetic-session" hostname=? addr=? terminal=ttyS14 res=success'
type=USER_START msg=audit(1792000150.000:3150): pid=9150 uid=0 auid=1616 ses=615 msg='op=PAM:session_open acct="fixture-account-p" exe="/usr/sbin/synthetic-session" hostname=? addr=? terminal=ttyS15 res=success'
type=EXECVE msg=audit(1792000151.000:3151): argc=1 a0="/usr/bin/telemetry-probe"
type=SYSCALL msg=audit(1792000151.000:3151): arch=c000003e syscall=59 success=yes exit=0 items=0 ppid=9150 pid=9151 auid=1616 uid=1616 gid=1616 euid=1616 suid=1616 fsuid=1616 egid=1616 sgid=1616 fsgid=1616 tty=ttyS15 ses=615 comm="telemetry-probe" exe="/usr/bin/telemetry-probe" key="session-process-contract"
type=USER_END msg=audit(1792000152.000:3152): pid=9150 uid=0 auid=1616 ses=615 msg='op=PAM:session_close acct="fixture-account-p" exe="/usr/sbin/synthetic-session" hostname=? addr=? terminal=ttyS15 res=success'
